------------------------------------------------------------
TimeQuest Timing Analyzer Summary
------------------------------------------------------------

Type  : Slow 1100mV 85C Model Setup 'i2s_in:i2sin|DATA_RDY_R'
Slack : -9.309
TNS   : -148.067

Type  : Slow 1100mV 85C Model Setup 'i2s_in:i2sin|DATA_RDY_L'
Slack : -9.125
TNS   : -144.785

Type  : Slow 1100mV 85C Model Setup 'CS'
Slack : -9.011
TNS   : -182.765

Type  : Slow 1100mV 85C Model Setup 'SCLK'
Slack : -7.611
TNS   : -60.404

Type  : Slow 1100mV 85C Model Setup 'clk'
Slack : -7.311
TNS   : -629.381

Type  : Slow 1100mV 85C Model Setup 'BIT_CLK'
Slack : -6.992
TNS   : -81.511

Type  : Slow 1100mV 85C Model Setup 'clk_gen:meinclock|s_lr_clk'
Slack : -4.886
TNS   : -142.800

Type  : Slow 1100mV 85C Model Setup 'reset'
Slack : -3.866
TNS   : -26.498

Type  : Slow 1100mV 85C Model Setup 'audio_interface:audioout|i2c_counter[9]'
Slack : -3.816
TNS   : -13.307

Type  : Slow 1100mV 85C Model Setup 'clk_gen:meinclock|s_bit_clk'
Slack : -3.459
TNS   : -12.788

Type  : Slow 1100mV 85C Model Hold 'SCLK'
Slack : -0.932
TNS   : -7.055

Type  : Slow 1100mV 85C Model Hold 'clk'
Slack : -0.094
TNS   : -0.380

Type  : Slow 1100mV 85C Model Hold 'clk_gen:meinclock|s_bit_clk'
Slack : 0.278
TNS   : 0.000

Type  : Slow 1100mV 85C Model Hold 'BIT_CLK'
Slack : 0.515
TNS   : 0.000

Type  : Slow 1100mV 85C Model Hold 'audio_interface:audioout|i2c_counter[9]'
Slack : 0.515
TNS   : 0.000

Type  : Slow 1100mV 85C Model Hold 'reset'
Slack : 1.033
TNS   : 0.000

Type  : Slow 1100mV 85C Model Hold 'CS'
Slack : 1.925
TNS   : 0.000

Type  : Slow 1100mV 85C Model Hold 'clk_gen:meinclock|s_lr_clk'
Slack : 2.842
TNS   : 0.000

Type  : Slow 1100mV 85C Model Hold 'i2s_in:i2sin|DATA_RDY_L'
Slack : 4.484
TNS   : 0.000

Type  : Slow 1100mV 85C Model Hold 'i2s_in:i2sin|DATA_RDY_R'
Slack : 4.841
TNS   : 0.000

Type  : Slow 1100mV 85C Model Recovery 'clk_gen:meinclock|s_bit_clk'
Slack : -7.047
TNS   : -42.013

Type  : Slow 1100mV 85C Model Recovery 'i2s_in:i2sin|DATA_RDY_R'
Slack : -6.906
TNS   : -109.931

Type  : Slow 1100mV 85C Model Recovery 'clk_gen:meinclock|s_lr_clk'
Slack : -6.852
TNS   : -214.288

Type  : Slow 1100mV 85C Model Recovery 'CS'
Slack : -6.831
TNS   : -131.840

Type  : Slow 1100mV 85C Model Recovery 'i2s_in:i2sin|DATA_RDY_L'
Slack : -6.708
TNS   : -106.555

Type  : Slow 1100mV 85C Model Recovery 'BIT_CLK'
Slack : -6.393
TNS   : -121.259

Type  : Slow 1100mV 85C Model Recovery 'clk'
Slack : -4.970
TNS   : -951.987

Type  : Slow 1100mV 85C Model Recovery 'audio_interface:audioout|i2c_counter[9]'
Slack : -2.853
TNS   : -11.409

Type  : Slow 1100mV 85C Model Recovery 'SCLK'
Slack : -1.917
TNS   : -15.259

Type  : Slow 1100mV 85C Model Removal 'SCLK'
Slack : -4.569
TNS   : -36.473

Type  : Slow 1100mV 85C Model Removal 'BIT_CLK'
Slack : -4.534
TNS   : -235.438

Type  : Slow 1100mV 85C Model Removal 'audio_interface:audioout|i2c_counter[9]'
Slack : 0.802
TNS   : 0.000

Type  : Slow 1100mV 85C Model Removal 'clk'
Slack : 0.871
TNS   : 0.000

Type  : Slow 1100mV 85C Model Removal 'CS'
Slack : 1.499
TNS   : 0.000

Type  : Slow 1100mV 85C Model Removal 'clk_gen:meinclock|s_lr_clk'
Slack : 3.535
TNS   : 0.000

Type  : Slow 1100mV 85C Model Removal 'i2s_in:i2sin|DATA_RDY_L'
Slack : 3.577
TNS   : 0.000

Type  : Slow 1100mV 85C Model Removal 'i2s_in:i2sin|DATA_RDY_R'
Slack : 3.932
TNS   : 0.000

Type  : Slow 1100mV 85C Model Removal 'clk_gen:meinclock|s_bit_clk'
Slack : 4.099
TNS   : 0.000

Type  : Slow 1100mV 85C Model Minimum Pulse Width 'clk'
Slack : -2.225
TNS   : -228.164

Type  : Slow 1100mV 85C Model Minimum Pulse Width 'BIT_CLK'
Slack : -0.394
TNS   : -32.053

Type  : Slow 1100mV 85C Model Minimum Pulse Width 'clk_gen:meinclock|s_lr_clk'
Slack : -0.394
TNS   : -20.706

Type  : Slow 1100mV 85C Model Minimum Pulse Width 'i2s_in:i2sin|DATA_RDY_L'
Slack : -0.394
TNS   : -9.503

Type  : Slow 1100mV 85C Model Minimum Pulse Width 'i2s_in:i2sin|DATA_RDY_R'
Slack : -0.394
TNS   : -8.474

Type  : Slow 1100mV 85C Model Minimum Pulse Width 'SCLK'
Slack : -0.394
TNS   : -4.833

Type  : Slow 1100mV 85C Model Minimum Pulse Width 'clk_gen:meinclock|s_bit_clk'
Slack : -0.394
TNS   : -3.315

Type  : Slow 1100mV 85C Model Minimum Pulse Width 'audio_interface:audioout|i2c_counter[9]'
Slack : -0.394
TNS   : -2.523

Type  : Slow 1100mV 85C Model Minimum Pulse Width 'CS'
Slack : 0.068
TNS   : 0.000

Type  : Slow 1100mV 85C Model Minimum Pulse Width 'reset'
Slack : 0.082
TNS   : 0.000

Type  : Slow 1100mV 0C Model Setup 'i2s_in:i2sin|DATA_RDY_R'
Slack : -9.138
TNS   : -145.584

Type  : Slow 1100mV 0C Model Setup 'i2s_in:i2sin|DATA_RDY_L'
Slack : -9.010
TNS   : -142.799

Type  : Slow 1100mV 0C Model Setup 'CS'
Slack : -8.906
TNS   : -180.251

Type  : Slow 1100mV 0C Model Setup 'SCLK'
Slack : -7.144
TNS   : -56.669

Type  : Slow 1100mV 0C Model Setup 'clk'
Slack : -7.051
TNS   : -592.091

Type  : Slow 1100mV 0C Model Setup 'BIT_CLK'
Slack : -6.918
TNS   : -78.261

Type  : Slow 1100mV 0C Model Setup 'clk_gen:meinclock|s_lr_clk'
Slack : -5.062
TNS   : -148.421

Type  : Slow 1100mV 0C Model Setup 'audio_interface:audioout|i2c_counter[9]'
Slack : -3.975
TNS   : -13.679

Type  : Slow 1100mV 0C Model Setup 'reset'
Slack : -3.797
TNS   : -25.858

Type  : Slow 1100mV 0C Model Setup 'clk_gen:meinclock|s_bit_clk'
Slack : -3.401
TNS   : -12.483

Type  : Slow 1100mV 0C Model Hold 'SCLK'
Slack : -1.278
TNS   : -9.812

Type  : Slow 1100mV 0C Model Hold 'clk'
Slack : -0.433
TNS   : -7.935

Type  : Slow 1100mV 0C Model Hold 'clk_gen:meinclock|s_bit_clk'
Slack : 0.297
TNS   : 0.000

Type  : Slow 1100mV 0C Model Hold 'BIT_CLK'
Slack : 0.485
TNS   : 0.000

Type  : Slow 1100mV 0C Model Hold 'audio_interface:audioout|i2c_counter[9]'
Slack : 0.528
TNS   : 0.000

Type  : Slow 1100mV 0C Model Hold 'reset'
Slack : 0.937
TNS   : 0.000

Type  : Slow 1100mV 0C Model Hold 'CS'
Slack : 1.969
TNS   : 0.000

Type  : Slow 1100mV 0C Model Hold 'clk_gen:meinclock|s_lr_clk'
Slack : 3.033
TNS   : 0.000

Type  : Slow 1100mV 0C Model Hold 'i2s_in:i2sin|DATA_RDY_L'
Slack : 4.463
TNS   : 0.000

Type  : Slow 1100mV 0C Model Hold 'i2s_in:i2sin|DATA_RDY_R'
Slack : 4.841
TNS   : 0.000

Type  : Slow 1100mV 0C Model Recovery 'clk_gen:meinclock|s_bit_clk'
Slack : -6.994
TNS   : -41.720

Type  : Slow 1100mV 0C Model Recovery 'i2s_in:i2sin|DATA_RDY_R'
Slack : -6.858
TNS   : -109.432

Type  : Slow 1100mV 0C Model Recovery 'clk_gen:meinclock|s_lr_clk'
Slack : -6.799
TNS   : -212.278

Type  : Slow 1100mV 0C Model Recovery 'i2s_in:i2sin|DATA_RDY_L'
Slack : -6.723
TNS   : -106.563

Type  : Slow 1100mV 0C Model Recovery 'CS'
Slack : -6.627
TNS   : -127.992

Type  : Slow 1100mV 0C Model Recovery 'BIT_CLK'
Slack : -6.202
TNS   : -118.090

Type  : Slow 1100mV 0C Model Recovery 'clk'
Slack : -4.848
TNS   : -915.059

Type  : Slow 1100mV 0C Model Recovery 'audio_interface:audioout|i2c_counter[9]'
Slack : -2.957
TNS   : -11.819

Type  : Slow 1100mV 0C Model Recovery 'SCLK'
Slack : -1.860
TNS   : -14.795

Type  : Slow 1100mV 0C Model Removal 'SCLK'
Slack : -4.388
TNS   : -35.021

Type  : Slow 1100mV 0C Model Removal 'BIT_CLK'
Slack : -4.353
TNS   : -225.926

Type  : Slow 1100mV 0C Model Removal 'audio_interface:audioout|i2c_counter[9]'
Slack : 0.851
TNS   : 0.000

Type  : Slow 1100mV 0C Model Removal 'clk'
Slack : 0.871
TNS   : 0.000

Type  : Slow 1100mV 0C Model Removal 'CS'
Slack : 1.361
TNS   : 0.000

Type  : Slow 1100mV 0C Model Removal 'i2s_in:i2sin|DATA_RDY_L'
Slack : 3.587
TNS   : 0.000

Type  : Slow 1100mV 0C Model Removal 'clk_gen:meinclock|s_lr_clk'
Slack : 3.630
TNS   : 0.000

Type  : Slow 1100mV 0C Model Removal 'i2s_in:i2sin|DATA_RDY_R'
Slack : 3.973
TNS   : 0.000

Type  : Slow 1100mV 0C Model Removal 'clk_gen:meinclock|s_bit_clk'
Slack : 4.112
TNS   : 0.000

Type  : Slow 1100mV 0C Model Minimum Pulse Width 'clk'
Slack : -2.225
TNS   : -234.397

Type  : Slow 1100mV 0C Model Minimum Pulse Width 'BIT_CLK'
Slack : -0.394
TNS   : -29.779

Type  : Slow 1100mV 0C Model Minimum Pulse Width 'clk_gen:meinclock|s_lr_clk'
Slack : -0.394
TNS   : -20.801

Type  : Slow 1100mV 0C Model Minimum Pulse Width 'i2s_in:i2sin|DATA_RDY_L'
Slack : -0.394
TNS   : -8.706

Type  : Slow 1100mV 0C Model Minimum Pulse Width 'i2s_in:i2sin|DATA_RDY_R'
Slack : -0.394
TNS   : -8.367

Type  : Slow 1100mV 0C Model Minimum Pulse Width 'SCLK'
Slack : -0.394
TNS   : -4.428

Type  : Slow 1100mV 0C Model Minimum Pulse Width 'clk_gen:meinclock|s_bit_clk'
Slack : -0.394
TNS   : -3.093

Type  : Slow 1100mV 0C Model Minimum Pulse Width 'audio_interface:audioout|i2c_counter[9]'
Slack : -0.394
TNS   : -2.102

Type  : Slow 1100mV 0C Model Minimum Pulse Width 'CS'
Slack : 0.065
TNS   : 0.000

Type  : Slow 1100mV 0C Model Minimum Pulse Width 'reset'
Slack : 0.098
TNS   : 0.000

Type  : Fast 1100mV 85C Model Setup 'SCLK'
Slack : -5.685
TNS   : -45.100

Type  : Fast 1100mV 85C Model Setup 'BIT_CLK'
Slack : -5.270
TNS   : -35.083

Type  : Fast 1100mV 85C Model Setup 'i2s_in:i2sin|DATA_RDY_R'
Slack : -4.974
TNS   : -79.048

Type  : Fast 1100mV 85C Model Setup 'i2s_in:i2sin|DATA_RDY_L'
Slack : -4.859
TNS   : -76.971

Type  : Fast 1100mV 85C Model Setup 'CS'
Slack : -4.586
TNS   : -90.833

Type  : Fast 1100mV 85C Model Setup 'clk'
Slack : -4.453
TNS   : -335.042

Type  : Fast 1100mV 85C Model Setup 'clk_gen:meinclock|s_lr_clk'
Slack : -3.108
TNS   : -90.875

Type  : Fast 1100mV 85C Model Setup 'reset'
Slack : -2.284
TNS   : -15.697

Type  : Fast 1100mV 85C Model Setup 'audio_interface:audioout|i2c_counter[9]'
Slack : -1.996
TNS   : -6.787

Type  : Fast 1100mV 85C Model Setup 'clk_gen:meinclock|s_bit_clk'
Slack : -1.856
TNS   : -6.013

Type  : Fast 1100mV 85C Model Hold 'SCLK'
Slack : -0.091
TNS   : -0.434

Type  : Fast 1100mV 85C Model Hold 'clk'
Slack : -0.074
TNS   : -0.449

Type  : Fast 1100mV 85C Model Hold 'clk_gen:meinclock|s_bit_clk'
Slack : 0.040
TNS   : 0.000

Type  : Fast 1100mV 85C Model Hold 'BIT_CLK'
Slack : 0.272
TNS   : 0.000

Type  : Fast 1100mV 85C Model Hold 'audio_interface:audioout|i2c_counter[9]'
Slack : 0.312
TNS   : 0.000

Type  : Fast 1100mV 85C Model Hold 'CS'
Slack : 0.856
TNS   : 0.000

Type  : Fast 1100mV 85C Model Hold 'reset'
Slack : 1.127
TNS   : 0.000

Type  : Fast 1100mV 85C Model Hold 'clk_gen:meinclock|s_lr_clk'
Slack : 1.895
TNS   : 0.000

Type  : Fast 1100mV 85C Model Hold 'i2s_in:i2sin|DATA_RDY_L'
Slack : 2.506
TNS   : 0.000

Type  : Fast 1100mV 85C Model Hold 'i2s_in:i2sin|DATA_RDY_R'
Slack : 2.704
TNS   : 0.000

Type  : Fast 1100mV 85C Model Recovery 'BIT_CLK'
Slack : -4.870
TNS   : -80.615

Type  : Fast 1100mV 85C Model Recovery 'CS'
Slack : -4.367
TNS   : -85.326

Type  : Fast 1100mV 85C Model Recovery 'clk_gen:meinclock|s_lr_clk'
Slack : -4.049
TNS   : -128.337

Type  : Fast 1100mV 85C Model Recovery 'clk_gen:meinclock|s_bit_clk'
Slack : -3.759
TNS   : -22.298

Type  : Fast 1100mV 85C Model Recovery 'i2s_in:i2sin|DATA_RDY_R'
Slack : -3.645
TNS   : -57.962

Type  : Fast 1100mV 85C Model Recovery 'i2s_in:i2sin|DATA_RDY_L'
Slack : -3.523
TNS   : -55.801

Type  : Fast 1100mV 85C Model Recovery 'clk'
Slack : -2.796
TNS   : -528.251

Type  : Fast 1100mV 85C Model Recovery 'audio_interface:audioout|i2c_counter[9]'
Slack : -1.363
TNS   : -5.444

Type  : Fast 1100mV 85C Model Recovery 'SCLK'
Slack : -1.211
TNS   : -9.655

Type  : Fast 1100mV 85C Model Removal 'SCLK'
Slack : -2.510
TNS   : -20.041

Type  : Fast 1100mV 85C Model Removal 'BIT_CLK'
Slack : -2.500
TNS   : -129.859

Type  : Fast 1100mV 85C Model Removal 'audio_interface:audioout|i2c_counter[9]'
Slack : 0.554
TNS   : 0.000

Type  : Fast 1100mV 85C Model Removal 'clk'
Slack : 0.564
TNS   : 0.000

Type  : Fast 1100mV 85C Model Removal 'CS'
Slack : 1.082
TNS   : 0.000

Type  : Fast 1100mV 85C Model Removal 'clk_gen:meinclock|s_lr_clk'
Slack : 1.851
TNS   : 0.000

Type  : Fast 1100mV 85C Model Removal 'i2s_in:i2sin|DATA_RDY_L'
Slack : 2.191
TNS   : 0.000

Type  : Fast 1100mV 85C Model Removal 'i2s_in:i2sin|DATA_RDY_R'
Slack : 2.394
TNS   : 0.000

Type  : Fast 1100mV 85C Model Removal 'clk_gen:meinclock|s_bit_clk'
Slack : 2.519
TNS   : 0.000

Type  : Fast 1100mV 85C Model Minimum Pulse Width 'clk'
Slack : -1.702
TNS   : -131.154

Type  : Fast 1100mV 85C Model Minimum Pulse Width 'BIT_CLK'
Slack : -0.404
TNS   : -15.425

Type  : Fast 1100mV 85C Model Minimum Pulse Width 'SCLK'
Slack : -0.295
TNS   : -2.442

Type  : Fast 1100mV 85C Model Minimum Pulse Width 'CS'
Slack : -0.144
TNS   : -2.935

Type  : Fast 1100mV 85C Model Minimum Pulse Width 'reset'
Slack : -0.109
TNS   : -0.955

Type  : Fast 1100mV 85C Model Minimum Pulse Width 'audio_interface:audioout|i2c_counter[9]'
Slack : -0.030
TNS   : -0.118

Type  : Fast 1100mV 85C Model Minimum Pulse Width 'clk_gen:meinclock|s_lr_clk'
Slack : -0.027
TNS   : -0.361

Type  : Fast 1100mV 85C Model Minimum Pulse Width 'i2s_in:i2sin|DATA_RDY_L'
Slack : -0.016
TNS   : -0.044

Type  : Fast 1100mV 85C Model Minimum Pulse Width 'i2s_in:i2sin|DATA_RDY_R'
Slack : 0.078
TNS   : 0.000

Type  : Fast 1100mV 85C Model Minimum Pulse Width 'clk_gen:meinclock|s_bit_clk'
Slack : 0.131
TNS   : 0.000

Type  : Fast 1100mV 0C Model Setup 'i2s_in:i2sin|DATA_RDY_R'
Slack : -4.897
TNS   : -77.827

Type  : Fast 1100mV 0C Model Setup 'SCLK'
Slack : -4.885
TNS   : -38.752

Type  : Fast 1100mV 0C Model Setup 'i2s_in:i2sin|DATA_RDY_L'
Slack : -4.789
TNS   : -75.916

Type  : Fast 1100mV 0C Model Setup 'BIT_CLK'
Slack : -4.454
TNS   : -28.288

Type  : Fast 1100mV 0C Model Setup 'CS'
Slack : -4.367
TNS   : -87.014

Type  : Fast 1100mV 0C Model Setup 'clk'
Slack : -4.146
TNS   : -282.891

Type  : Fast 1100mV 0C Model Setup 'clk_gen:meinclock|s_lr_clk'
Slack : -3.065
TNS   : -90.449

Type  : Fast 1100mV 0C Model Setup 'reset'
Slack : -2.188
TNS   : -15.008

Type  : Fast 1100mV 0C Model Setup 'audio_interface:audioout|i2c_counter[9]'
Slack : -1.964
TNS   : -6.685

Type  : Fast 1100mV 0C Model Setup 'clk_gen:meinclock|s_bit_clk'
Slack : -1.689
TNS   : -5.307

Type  : Fast 1100mV 0C Model Hold 'SCLK'
Slack : -0.493
TNS   : -3.682

Type  : Fast 1100mV 0C Model Hold 'clk'
Slack : -0.373
TNS   : -12.141

Type  : Fast 1100mV 0C Model Hold 'clk_gen:meinclock|s_bit_clk'
Slack : 0.027
TNS   : 0.000

Type  : Fast 1100mV 0C Model Hold 'BIT_CLK'
Slack : 0.260
TNS   : 0.000

Type  : Fast 1100mV 0C Model Hold 'audio_interface:audioout|i2c_counter[9]'
Slack : 0.285
TNS   : 0.000

Type  : Fast 1100mV 0C Model Hold 'CS'
Slack : 0.812
TNS   : 0.000

Type  : Fast 1100mV 0C Model Hold 'reset'
Slack : 1.074
TNS   : 0.000

Type  : Fast 1100mV 0C Model Hold 'clk_gen:meinclock|s_lr_clk'
Slack : 1.965
TNS   : 0.000

Type  : Fast 1100mV 0C Model Hold 'i2s_in:i2sin|DATA_RDY_L'
Slack : 2.497
TNS   : 0.000

Type  : Fast 1100mV 0C Model Hold 'i2s_in:i2sin|DATA_RDY_R'
Slack : 2.684
TNS   : 0.000

Type  : Fast 1100mV 0C Model Recovery 'BIT_CLK'
Slack : -4.288
TNS   : -78.949

Type  : Fast 1100mV 0C Model Recovery 'clk_gen:meinclock|s_lr_clk'
Slack : -3.999
TNS   : -126.757

Type  : Fast 1100mV 0C Model Recovery 'CS'
Slack : -3.717
TNS   : -72.702

Type  : Fast 1100mV 0C Model Recovery 'clk_gen:meinclock|s_bit_clk'
Slack : -3.700
TNS   : -21.982

Type  : Fast 1100mV 0C Model Recovery 'i2s_in:i2sin|DATA_RDY_R'
Slack : -3.604
TNS   : -57.331

Type  : Fast 1100mV 0C Model Recovery 'i2s_in:i2sin|DATA_RDY_L'
Slack : -3.491
TNS   : -55.352

Type  : Fast 1100mV 0C Model Recovery 'clk'
Slack : -2.710
TNS   : -510.380

Type  : Fast 1100mV 0C Model Recovery 'audio_interface:audioout|i2c_counter[9]'
Slack : -1.373
TNS   : -5.492

Type  : Fast 1100mV 0C Model Recovery 'SCLK'
Slack : -1.188
TNS   : -9.471

Type  : Fast 1100mV 0C Model Removal 'SCLK'
Slack : -2.496
TNS   : -19.937

Type  : Fast 1100mV 0C Model Removal 'BIT_CLK'
Slack : -2.476
TNS   : -128.617

Type  : Fast 1100mV 0C Model Removal 'clk'
Slack : 0.485
TNS   : 0.000

Type  : Fast 1100mV 0C Model Removal 'audio_interface:audioout|i2c_counter[9]'
Slack : 0.635
TNS   : 0.000

Type  : Fast 1100mV 0C Model Removal 'CS'
Slack : 0.811
TNS   : 0.000

Type  : Fast 1100mV 0C Model Removal 'clk_gen:meinclock|s_lr_clk'
Slack : 1.854
TNS   : 0.000

Type  : Fast 1100mV 0C Model Removal 'i2s_in:i2sin|DATA_RDY_L'
Slack : 2.206
TNS   : 0.000

Type  : Fast 1100mV 0C Model Removal 'i2s_in:i2sin|DATA_RDY_R'
Slack : 2.398
TNS   : 0.000

Type  : Fast 1100mV 0C Model Removal 'clk_gen:meinclock|s_bit_clk'
Slack : 2.501
TNS   : 0.000

Type  : Fast 1100mV 0C Model Minimum Pulse Width 'clk'
Slack : -1.702
TNS   : -131.299

Type  : Fast 1100mV 0C Model Minimum Pulse Width 'BIT_CLK'
Slack : -0.403
TNS   : -14.606

Type  : Fast 1100mV 0C Model Minimum Pulse Width 'SCLK'
Slack : -0.273
TNS   : -2.244

Type  : Fast 1100mV 0C Model Minimum Pulse Width 'CS'
Slack : -0.124
TNS   : -2.789

Type  : Fast 1100mV 0C Model Minimum Pulse Width 'reset'
Slack : -0.089
TNS   : -0.785

Type  : Fast 1100mV 0C Model Minimum Pulse Width 'audio_interface:audioout|i2c_counter[9]'
Slack : -0.001
TNS   : -0.001

Type  : Fast 1100mV 0C Model Minimum Pulse Width 'i2s_in:i2sin|DATA_RDY_L'
Slack : 0.008
TNS   : 0.000

Type  : Fast 1100mV 0C Model Minimum Pulse Width 'clk_gen:meinclock|s_lr_clk'
Slack : 0.015
TNS   : 0.000

Type  : Fast 1100mV 0C Model Minimum Pulse Width 'i2s_in:i2sin|DATA_RDY_R'
Slack : 0.080
TNS   : 0.000

Type  : Fast 1100mV 0C Model Minimum Pulse Width 'clk_gen:meinclock|s_bit_clk'
Slack : 0.129
TNS   : 0.000

------------------------------------------------------------
