------------------------------------------------------------
TimeQuest Timing Analyzer Summary
------------------------------------------------------------

Type  : Slow 1100mV 85C Model Setup 'CS'
Slack : -10.352
TNS   : -186.950

Type  : Slow 1100mV 85C Model Setup 'clk'
Slack : -7.890
TNS   : -496.175

Type  : Slow 1100mV 85C Model Setup 'SCLK'
Slack : -7.762
TNS   : -62.036

Type  : Slow 1100mV 85C Model Setup 'reset'
Slack : -4.632
TNS   : -29.461

Type  : Slow 1100mV 85C Model Setup 'audio_interface:audioout|i2c_counter[9]'
Slack : -3.156
TNS   : -11.880

Type  : Slow 1100mV 85C Model Setup 'BIT_CLK'
Slack : -0.770
TNS   : -12.668

Type  : Slow 1100mV 85C Model Hold 'SCLK'
Slack : -0.706
TNS   : -5.586

Type  : Slow 1100mV 85C Model Hold 'clk'
Slack : 0.035
TNS   : 0.000

Type  : Slow 1100mV 85C Model Hold 'BIT_CLK'
Slack : 0.213
TNS   : 0.000

Type  : Slow 1100mV 85C Model Hold 'audio_interface:audioout|i2c_counter[9]'
Slack : 0.520
TNS   : 0.000

Type  : Slow 1100mV 85C Model Hold 'reset'
Slack : 1.028
TNS   : 0.000

Type  : Slow 1100mV 85C Model Hold 'CS'
Slack : 1.698
TNS   : 0.000

Type  : Slow 1100mV 85C Model Recovery 'CS'
Slack : -6.778
TNS   : -127.982

Type  : Slow 1100mV 85C Model Recovery 'clk'
Slack : -4.983
TNS   : -741.054

Type  : Slow 1100mV 85C Model Recovery 'audio_interface:audioout|i2c_counter[9]'
Slack : -3.072
TNS   : -11.963

Type  : Slow 1100mV 85C Model Recovery 'BIT_CLK'
Slack : -2.270
TNS   : -132.824

Type  : Slow 1100mV 85C Model Recovery 'SCLK'
Slack : -1.977
TNS   : -15.744

Type  : Slow 1100mV 85C Model Removal 'BIT_CLK'
Slack : -4.880
TNS   : -286.830

Type  : Slow 1100mV 85C Model Removal 'SCLK'
Slack : -4.510
TNS   : -36.010

Type  : Slow 1100mV 85C Model Removal 'clk'
Slack : 1.030
TNS   : 0.000

Type  : Slow 1100mV 85C Model Removal 'audio_interface:audioout|i2c_counter[9]'
Slack : 1.284
TNS   : 0.000

Type  : Slow 1100mV 85C Model Removal 'CS'
Slack : 1.447
TNS   : 0.000

Type  : Slow 1100mV 85C Model Minimum Pulse Width 'clk'
Slack : -2.225
TNS   : -139.813

Type  : Slow 1100mV 85C Model Minimum Pulse Width 'BIT_CLK'
Slack : -2.225
TNS   : -102.559

Type  : Slow 1100mV 85C Model Minimum Pulse Width 'SCLK'
Slack : -0.394
TNS   : -4.560

Type  : Slow 1100mV 85C Model Minimum Pulse Width 'audio_interface:audioout|i2c_counter[9]'
Slack : -0.394
TNS   : -2.794

Type  : Slow 1100mV 85C Model Minimum Pulse Width 'CS'
Slack : 0.016
TNS   : 0.000

Type  : Slow 1100mV 85C Model Minimum Pulse Width 'reset'
Slack : 0.036
TNS   : 0.000

Type  : Slow 1100mV 0C Model Setup 'CS'
Slack : -10.105
TNS   : -184.424

Type  : Slow 1100mV 0C Model Setup 'clk'
Slack : -7.696
TNS   : -485.322

Type  : Slow 1100mV 0C Model Setup 'SCLK'
Slack : -7.315
TNS   : -58.436

Type  : Slow 1100mV 0C Model Setup 'reset'
Slack : -4.498
TNS   : -28.840

Type  : Slow 1100mV 0C Model Setup 'audio_interface:audioout|i2c_counter[9]'
Slack : -3.338
TNS   : -12.296

Type  : Slow 1100mV 0C Model Setup 'BIT_CLK'
Slack : -0.672
TNS   : -8.561

Type  : Slow 1100mV 0C Model Hold 'SCLK'
Slack : -1.041
TNS   : -8.234

Type  : Slow 1100mV 0C Model Hold 'clk'
Slack : -0.271
TNS   : -0.612

Type  : Slow 1100mV 0C Model Hold 'BIT_CLK'
Slack : 0.111
TNS   : 0.000

Type  : Slow 1100mV 0C Model Hold 'audio_interface:audioout|i2c_counter[9]'
Slack : 0.531
TNS   : 0.000

Type  : Slow 1100mV 0C Model Hold 'reset'
Slack : 0.928
TNS   : 0.000

Type  : Slow 1100mV 0C Model Hold 'CS'
Slack : 1.715
TNS   : 0.000

Type  : Slow 1100mV 0C Model Recovery 'CS'
Slack : -6.545
TNS   : -123.495

Type  : Slow 1100mV 0C Model Recovery 'clk'
Slack : -4.772
TNS   : -706.775

Type  : Slow 1100mV 0C Model Recovery 'audio_interface:audioout|i2c_counter[9]'
Slack : -3.141
TNS   : -12.299

Type  : Slow 1100mV 0C Model Recovery 'BIT_CLK'
Slack : -2.209
TNS   : -129.474

Type  : Slow 1100mV 0C Model Recovery 'SCLK'
Slack : -1.923
TNS   : -15.322

Type  : Slow 1100mV 0C Model Removal 'BIT_CLK'
Slack : -4.746
TNS   : -277.735

Type  : Slow 1100mV 0C Model Removal 'SCLK'
Slack : -4.333
TNS   : -34.588

Type  : Slow 1100mV 0C Model Removal 'clk'
Slack : 0.896
TNS   : 0.000

Type  : Slow 1100mV 0C Model Removal 'CS'
Slack : 1.261
TNS   : 0.000

Type  : Slow 1100mV 0C Model Removal 'audio_interface:audioout|i2c_counter[9]'
Slack : 1.285
TNS   : 0.000

Type  : Slow 1100mV 0C Model Minimum Pulse Width 'clk'
Slack : -2.225
TNS   : -144.947

Type  : Slow 1100mV 0C Model Minimum Pulse Width 'BIT_CLK'
Slack : -2.225
TNS   : -101.635

Type  : Slow 1100mV 0C Model Minimum Pulse Width 'SCLK'
Slack : -0.394
TNS   : -4.168

Type  : Slow 1100mV 0C Model Minimum Pulse Width 'audio_interface:audioout|i2c_counter[9]'
Slack : -0.394
TNS   : -2.588

Type  : Slow 1100mV 0C Model Minimum Pulse Width 'CS'
Slack : 0.032
TNS   : 0.000

Type  : Slow 1100mV 0C Model Minimum Pulse Width 'reset'
Slack : 0.063
TNS   : 0.000

Type  : Fast 1100mV 85C Model Setup 'SCLK'
Slack : -5.854
TNS   : -46.810

Type  : Fast 1100mV 85C Model Setup 'CS'
Slack : -5.519
TNS   : -93.213

Type  : Fast 1100mV 85C Model Setup 'clk'
Slack : -4.950
TNS   : -256.533

Type  : Fast 1100mV 85C Model Setup 'reset'
Slack : -2.820
TNS   : -17.715

Type  : Fast 1100mV 85C Model Setup 'audio_interface:audioout|i2c_counter[9]'
Slack : -1.538
TNS   : -5.753

Type  : Fast 1100mV 85C Model Setup 'BIT_CLK'
Slack : -0.159
TNS   : -0.310

Type  : Fast 1100mV 85C Model Hold 'clk'
Slack : 0.082
TNS   : 0.000

Type  : Fast 1100mV 85C Model Hold 'BIT_CLK'
Slack : 0.122
TNS   : 0.000

Type  : Fast 1100mV 85C Model Hold 'SCLK'
Slack : 0.132
TNS   : 0.000

Type  : Fast 1100mV 85C Model Hold 'audio_interface:audioout|i2c_counter[9]'
Slack : 0.312
TNS   : 0.000

Type  : Fast 1100mV 85C Model Hold 'CS'
Slack : 0.689
TNS   : 0.000

Type  : Fast 1100mV 85C Model Hold 'reset'
Slack : 1.103
TNS   : 0.000

Type  : Fast 1100mV 85C Model Recovery 'CS'
Slack : -4.283
TNS   : -80.562

Type  : Fast 1100mV 85C Model Recovery 'clk'
Slack : -2.913
TNS   : -443.024

Type  : Fast 1100mV 85C Model Recovery 'audio_interface:audioout|i2c_counter[9]'
Slack : -1.504
TNS   : -5.778

Type  : Fast 1100mV 85C Model Recovery 'BIT_CLK'
Slack : -1.402
TNS   : -83.035

Type  : Fast 1100mV 85C Model Recovery 'SCLK'
Slack : -1.265
TNS   : -10.098

Type  : Fast 1100mV 85C Model Removal 'BIT_CLK'
Slack : -2.658
TNS   : -156.105

Type  : Fast 1100mV 85C Model Removal 'SCLK'
Slack : -2.454
TNS   : -19.598

Type  : Fast 1100mV 85C Model Removal 'clk'
Slack : 0.557
TNS   : 0.000

Type  : Fast 1100mV 85C Model Removal 'audio_interface:audioout|i2c_counter[9]'
Slack : 0.878
TNS   : 0.000

Type  : Fast 1100mV 85C Model Removal 'CS'
Slack : 0.911
TNS   : 0.000

Type  : Fast 1100mV 85C Model Minimum Pulse Width 'BIT_CLK'
Slack : -1.702
TNS   : -74.586

Type  : Fast 1100mV 85C Model Minimum Pulse Width 'clk'
Slack : -1.702
TNS   : -66.158

Type  : Fast 1100mV 85C Model Minimum Pulse Width 'SCLK'
Slack : -0.263
TNS   : -2.133

Type  : Fast 1100mV 85C Model Minimum Pulse Width 'CS'
Slack : -0.187
TNS   : -5.370

Type  : Fast 1100mV 85C Model Minimum Pulse Width 'reset'
Slack : -0.162
TNS   : -0.984

Type  : Fast 1100mV 85C Model Minimum Pulse Width 'audio_interface:audioout|i2c_counter[9]'
Slack : -0.050
TNS   : -0.195

Type  : Fast 1100mV 0C Model Setup 'CS'
Slack : -5.160
TNS   : -89.200

Type  : Fast 1100mV 0C Model Setup 'SCLK'
Slack : -5.024
TNS   : -40.180

Type  : Fast 1100mV 0C Model Setup 'clk'
Slack : -4.932
TNS   : -241.753

Type  : Fast 1100mV 0C Model Setup 'reset'
Slack : -2.648
TNS   : -16.826

Type  : Fast 1100mV 0C Model Setup 'audio_interface:audioout|i2c_counter[9]'
Slack : -1.551
TNS   : -5.752

Type  : Fast 1100mV 0C Model Setup 'BIT_CLK'
Slack : -0.047
TNS   : -0.047

Type  : Fast 1100mV 0C Model Hold 'SCLK'
Slack : -0.294
TNS   : -2.336

Type  : Fast 1100mV 0C Model Hold 'clk'
Slack : -0.194
TNS   : -1.200

Type  : Fast 1100mV 0C Model Hold 'BIT_CLK'
Slack : 0.061
TNS   : 0.000

Type  : Fast 1100mV 0C Model Hold 'audio_interface:audioout|i2c_counter[9]'
Slack : 0.285
TNS   : 0.000

Type  : Fast 1100mV 0C Model Hold 'CS'
Slack : 0.652
TNS   : 0.000

Type  : Fast 1100mV 0C Model Hold 'reset'
Slack : 1.042
TNS   : 0.000

Type  : Fast 1100mV 0C Model Recovery 'CS'
Slack : -3.638
TNS   : -68.221

Type  : Fast 1100mV 0C Model Recovery 'clk'
Slack : -2.825
TNS   : -428.976

Type  : Fast 1100mV 0C Model Recovery 'audio_interface:audioout|i2c_counter[9]'
Slack : -1.488
TNS   : -5.757

Type  : Fast 1100mV 0C Model Recovery 'BIT_CLK'
Slack : -1.384
TNS   : -82.147

Type  : Fast 1100mV 0C Model Recovery 'SCLK'
Slack : -1.237
TNS   : -9.866

Type  : Fast 1100mV 0C Model Removal 'BIT_CLK'
Slack : -2.640
TNS   : -154.898

Type  : Fast 1100mV 0C Model Removal 'SCLK'
Slack : -2.447
TNS   : -19.542

Type  : Fast 1100mV 0C Model Removal 'clk'
Slack : 0.486
TNS   : 0.000

Type  : Fast 1100mV 0C Model Removal 'CS'
Slack : 0.632
TNS   : 0.000

Type  : Fast 1100mV 0C Model Removal 'audio_interface:audioout|i2c_counter[9]'
Slack : 0.927
TNS   : 0.000

Type  : Fast 1100mV 0C Model Minimum Pulse Width 'BIT_CLK'
Slack : -1.702
TNS   : -74.251

Type  : Fast 1100mV 0C Model Minimum Pulse Width 'clk'
Slack : -1.702
TNS   : -66.107

Type  : Fast 1100mV 0C Model Minimum Pulse Width 'SCLK'
Slack : -0.251
TNS   : -2.032

Type  : Fast 1100mV 0C Model Minimum Pulse Width 'CS'
Slack : -0.163
TNS   : -4.542

Type  : Fast 1100mV 0C Model Minimum Pulse Width 'reset'
Slack : -0.127
TNS   : -0.836

Type  : Fast 1100mV 0C Model Minimum Pulse Width 'audio_interface:audioout|i2c_counter[9]'
Slack : -0.036
TNS   : -0.141

------------------------------------------------------------
